(---------------------------------------------------------------------)
(                                                                     )
(    Dangling Line, Via and Antenna Report                            )
(                                                                     )
(    Drawing          : rfmc_frontend_v1_00.brd                       )
(    Software Version : 24.1P001                                      )
(    Date/Time        : Thu Dec 12 17:04:07 2024                      )
(                                                                     )
(---------------------------------------------------------------------)


Report methodology:
  - Dangling lines have at least one end not connected.
  - Dangling vias have one or no connection
      - Plus are not a test, thieving or netshort property via.
  - Antenna vias do not have connections on their start and end layers.
      - Plus they are not a thieving vias.
      - Optionally, VOLTAGE nets, testvias and through vias can be suppressed with
        the environment variable report_antennavia.
      - Section may be suppressed by variable report_noantennavia.
  - Not part of the current partition.
  - To suppress items in dangle report add the OK_DANGLE property to the via
    or connect line.

<< Dangling Lines >>  - Location marked with a star (*) is dangling.
  Net                 Layer                  Length       Location
  ------------------------------------------------------------------------------------------
  N470455              TOP                     0.16     *(4150.00 -80.00) to  (4150.00 -79.84)
  N470801              TOP                     0.16     *(4100.00 -80.00) to  (4100.00 -79.84)
  N464909              TOP                     0.16     *(4150.00 -120.00) to  (4150.00 -120.16)
  N463151              TOP                     0.16     *(4100.00 -120.00) to  (4100.00 -120.16)
  4V0                  TOP                    30.00     *(3595.00 -385.00) to  (3595.00 -415.00)
  4V0                  TOP                    40.00     *(3575.00 -385.00) to  (3575.00 -425.00)
  3V3                  TOP                     5.00      (3300.00 6111.89) to *(3300.00 6116.89)
  3V3                  TOP                    95.00     *(3300.00 -156.89) to  (3205.00 -156.89)
  GND                  L7                     22.02      (350.00 3950.00) to *(350.00 3972.02)
  GND                  L7                     22.02      (350.00 3750.00) to *(350.00 3772.02)
  ADC_06_P             L6                     19.02     *(1472.05 3245.35) to  (1486.20 3257.55)
  1V8                  TOP                    95.00     *(3300.00 -43.11) to  (3205.00 -43.11)
  1V8                  TOP                    95.00      (3205.00 5983.11) to *(3300.00 5983.11)


<< Dangling Vias >>
  Net                  Padstack               Location            Layers
  ---------------------------------------------------------------------------
  N422029              VIABGA               (3935.00 2.01)   TOP/BOTTOM 
  N422029              VIABGA               (3966.50 2.01)   TOP/BOTTOM 
  N436899              VIABGA               (3998.00 -29.49) TOP/BOTTOM 
  N502170              VIABGA               (3998.00 5830.51) TOP/BOTTOM 
  N502316              VIABGA               (3935.00 5862.01) TOP/BOTTOM 
  N502316              VIABGA               (3966.50 5862.01) TOP/BOTTOM 


<< Antenna Vias >>
  Net                  Padstack               Location            Layers
  ---------------------------------------------------------------------------
  1V8                  VIABGA               (581.93 -98.19)  TOP/BOTTOM 
  1V8                  VIABGA               (668.07 5991.93) TOP/BOTTOM 
  1V8                  VIABGA               (681.93 -98.19)  TOP/BOTTOM 
  1V8                  VIABGA               (768.07 5991.93) TOP/BOTTOM 
  1V8                  VIABGA               (781.93 -98.19)  TOP/BOTTOM 
  1V8                  VIABGA               (868.07 5991.93) TOP/BOTTOM 
  1V8                  VIABGA               (881.93 -98.19)  TOP/BOTTOM 
  1V8                  VIABGA               (968.07 5991.93) TOP/BOTTOM 
  1V8                  VIABGA               (981.93 -98.19)  TOP/BOTTOM 
  1V8                  VIABGA               (1068.07 5991.93) TOP/BOTTOM 
  1V8                  VIABGA               (1081.93 -98.19) TOP/BOTTOM 
  1V8                  VIABGA               (1168.07 5991.93) TOP/BOTTOM 
  1V8                  VIABGA               (1518.07 5891.93) TOP/BOTTOM 
  1V8                  VIABGA               (1531.93 1.81)   TOP/BOTTOM 
  1V8                  VIABGA               (1618.07 5891.93) TOP/BOTTOM 
  1V8                  VIABGA               (1631.93 1.81)   TOP/BOTTOM 
  1V8                  VIABGA               (1695.00 5966.93) TOP/BOTTOM 
  1V8                  VIABGA               (2000.00 5865.00) TOP/BOTTOM 
  1V8                  VIABGA               (2003.07 -10.00) TOP/BOTTOM 
  1V8                  VIABGA               (2060.00 25.00)  TOP/BOTTOM 
  1V8                  VIABGA               (2070.00 5966.93) TOP/BOTTOM 
  1V8                  VIABGA               (2400.00 5870.00) TOP/BOTTOM 
  1V8                  VIABGA               (2403.07 -10.00) TOP/BOTTOM 
  1V8                  VIABGA               (2455.00 25.00)  TOP/BOTTOM 
  1V8                  VIABGA               (2470.00 5966.93) TOP/BOTTOM 
  1V8                  VIABGA               (2800.00 5870.00) TOP/BOTTOM 
  1V8                  VIABGA               (2803.07 -10.00) TOP/BOTTOM 
  1V8                  VIABGA               (2860.00 25.00)  TOP/BOTTOM 
  1V8                  VIABGA               (3165.00 -5.00)  TOP/BOTTOM 
  1V8                  VIABGA               (3165.00 5980.00) TOP/BOTTOM 
  1V8                  VIABGA               (3165.00 6015.00) TOP/BOTTOM 
  1V8                  VIABGA               (3166.89 -43.11) TOP/BOTTOM 
  1V8                  VIABGA               (3205.00 -43.11) TOP/BOTTOM 
  1V8                  VIABGA               (3205.00 -5.00)  TOP/BOTTOM 
  1V8                  VIABGA               (3205.00 30.00)  TOP/BOTTOM 
  1V8                  VIABGA               (3205.00 5940.00) TOP/BOTTOM 
  1V8                  VIABGA               (3205.00 5980.00) TOP/BOTTOM 
  1V8                  VIABGA               (3205.00 6015.00) TOP/BOTTOM 
  1V8                  VIABGA               (3240.00 30.00)  TOP/BOTTOM 
  1V8                  VIABGA               (3245.00 5915.00) TOP/BOTTOM 
  1V8                  VIABGA               (3300.00 30.00)  TOP/BOTTOM 
  1V8                  VIABGA               (3300.00 5915.00) TOP/BOTTOM 
  1V8                  VIABGA               (3345.00 5915.00) TOP/BOTTOM 
  1V8                  VIABGA               (3360.00 30.00)  TOP/BOTTOM 
  1V8                  VIABGA               (3395.00 -40.00) TOP/BOTTOM 
  1V8                  VIABGA               (3395.00 -5.00)  TOP/BOTTOM 
  1V8                  VIABGA               (3395.00 30.00)  TOP/BOTTOM 
  1V8                  VIABGA               (3395.00 5915.00) TOP/BOTTOM 
  1V8                  VIABGA               (3395.00 5965.00) TOP/BOTTOM 
  1V8                  VIABGA               (3395.00 6020.00) TOP/BOTTOM 
  2V5                  VIABGA               (3545.00 5730.00) TOP/BOTTOM 
  2V5                  VIABGA               (3545.63 -94.37) TOP/BOTTOM 
  2V5                  VIABGA               (3545.63 -69.37) TOP/BOTTOM 
  2V5                  VIABGA               (3545.63 5700.63) TOP/BOTTOM 
  2V5                  VIABGA               (3574.37 -94.37) TOP/BOTTOM 
  2V5                  VIABGA               (3575.63 -69.37) TOP/BOTTOM 
  2V5                  VIABGA               (3575.63 5700.00) TOP/BOTTOM 
  2V5                  VIABGA               (3575.63 5730.00) TOP/BOTTOM 
  2V5                  VIABGA               (3634.68 -60.00) TOP/BOTTOM 
  2V5                  VIABGA               (3634.68 5725.00) TOP/BOTTOM 
  2V5                  VIABGA               (3713.00 82.00)  TOP/BOTTOM 
  2V5                  VIABGA               (3725.00 5880.00) TOP/BOTTOM 
  2V5                  VIABGA               (3753.00 82.00)  TOP/BOTTOM 
  2V5                  VIABGA               (3780.00 5880.00) TOP/BOTTOM 
  2V5                  VIABGA               (3840.50 127.99) TOP/BOTTOM 
  2V5                  VIABGA               (3840.50 159.49) TOP/BOTTOM 
  2V5                  VIABGA               (3840.50 5830.51) TOP/BOTTOM 
  2V5                  VIABGA               (3840.50 5862.01) TOP/BOTTOM 
  2V5                  VIABGA               (3872.00 127.99) TOP/BOTTOM 
  2V5                  VIABGA               (3872.00 159.49) TOP/BOTTOM 
  2V5                  VIABGA               (3872.00 5830.51) TOP/BOTTOM 
  2V5                  VIABGA               (3872.00 5862.01) TOP/BOTTOM 
  3V3                  VIABGA               (581.93 -253.07) TOP/BOTTOM 
  3V3                  VIABGA               (668.07 6153.07) TOP/BOTTOM 
  3V3                  VIABGA               (681.93 -253.07) TOP/BOTTOM 
  3V3                  VIABGA               (768.07 6153.07) TOP/BOTTOM 
  3V3                  VIABGA               (781.93 -253.07) TOP/BOTTOM 
  3V3                  VIABGA               (868.07 6153.07) TOP/BOTTOM 
  3V3                  VIABGA               (881.93 -253.07) TOP/BOTTOM 
  3V3                  VIABGA               (968.07 6153.07) TOP/BOTTOM 
  3V3                  VIABGA               (981.93 -253.07) TOP/BOTTOM 
  3V3                  VIABGA               (1068.07 6153.07) TOP/BOTTOM 
  3V3                  VIABGA               (1081.93 -253.07) TOP/BOTTOM 
  3V3                  VIABGA               (1168.07 6153.07) TOP/BOTTOM 
  3V3                  VIABGA               (1200.00 -215.00) TOP/BOTTOM 
  3V3                  VIABGA               (1300.00 6125.00) TOP/BOTTOM 
  3V3                  VIABGA               (1440.00 6030.00) TOP/BOTTOM 
  3V3                  VIABGA               (1518.07 6053.07) TOP/BOTTOM 
  3V3                  VIABGA               (1531.93 -153.07) TOP/BOTTOM 
  3V3                  VIABGA               (1618.07 6053.07) TOP/BOTTOM 
  3V3                  VIABGA               (1631.93 -153.07) TOP/BOTTOM 
  3V3                  VIABGA               (1695.00 6008.07) TOP/BOTTOM 
  3V3                  VIABGA               (1725.00 -120.00) TOP/BOTTOM 
  3V3                  VIABGA               (2003.07 -130.00) TOP/BOTTOM 
  3V3                  VIABGA               (2070.00 6008.07) TOP/BOTTOM 
  3V3                  VIABGA               (2403.07 -125.00) TOP/BOTTOM 
  3V3                  VIABGA               (2470.00 6008.07) TOP/BOTTOM 
  3V3                  VIABGA               (2803.07 -125.00) TOP/BOTTOM 
  3V3                  VIABGA               (3165.00 -175.00) TOP/BOTTOM 
  3V3                  VIABGA               (3165.00 -135.00) TOP/BOTTOM 
  3V3                  VIABGA               (3165.00 6090.00) TOP/BOTTOM 
  3V3                  VIABGA               (3165.00 6135.00) TOP/BOTTOM 
  3V3                  VIABGA               (3205.00 -210.00) TOP/BOTTOM 
  3V3                  VIABGA               (3205.00 -175.00) TOP/BOTTOM 
  3V3                  VIABGA               (3205.00 -135.00) TOP/BOTTOM 
  3V3                  VIABGA               (3205.00 6090.00) TOP/BOTTOM 
  3V3                  VIABGA               (3205.00 6135.00) TOP/BOTTOM 
  3V3                  VIABGA               (3205.00 6185.00) TOP/BOTTOM 
  3V3                  VIABGA               (3240.00 6185.00) TOP/BOTTOM 
  3V3                  VIABGA               (3250.00 -230.00) TOP/BOTTOM 
  3V3                  VIABGA               (3300.00 -230.00) TOP/BOTTOM 
  3V3                  VIABGA               (3300.00 6185.00) TOP/BOTTOM 
  3V3                  VIABGA               (3350.00 -230.00) TOP/BOTTOM 
  3V3                  VIABGA               (3360.00 6185.00) TOP/BOTTOM 
  3V3                  VIABGA               (3395.00 -230.00) TOP/BOTTOM 
  3V3                  VIABGA               (3395.00 -195.00) TOP/BOTTOM 
  3V3                  VIABGA               (3395.00 -157.00) TOP/BOTTOM 
  3V3                  VIABGA               (3395.00 6085.00) TOP/BOTTOM 
  3V3                  VIABGA               (3395.00 6125.00) TOP/BOTTOM 
  3V3                  VIABGA               (3395.00 6165.00) TOP/BOTTOM 
  3V3_EXT              VIABGA               (-253.54 875.00) TOP/BOTTOM 
  3V3_EXT              VIABGA               (-253.54 5030.00) TOP/BOTTOM 
  4V0                  VIABGA               (3545.00 -450.00) TOP/BOTTOM 
  4V0                  VIABGA               (3545.00 -425.00) TOP/BOTTOM 
  4V0                  VIABGA               (3545.63 6055.00) TOP/BOTTOM 
  4V0                  VIABGA               (3545.63 6084.37) TOP/BOTTOM 
  4V0                  VIABGA               (3575.00 -450.00) TOP/BOTTOM 
  4V0                  VIABGA               (3575.00 -425.00) TOP/BOTTOM 
  4V0                  VIABGA               (3575.63 6055.00) TOP/BOTTOM 
  4V0                  VIABGA               (3575.63 6085.63) TOP/BOTTOM 
  4V0                  VIABGA               (3634.68 -420.00) TOP/BOTTOM 
  4V0                  VIABGA               (3634.68 6085.32) TOP/BOTTOM 
  4V0                  VIABGA               (3703.00 6232.00) TOP/BOTTOM 
  4V0                  VIABGA               (3708.00 -273.00) TOP/BOTTOM 
  4V0                  VIABGA               (3730.00 5985.00) TOP/BOTTOM 
  4V0                  VIABGA               (3730.00 6020.00) TOP/BOTTOM 
  4V0                  VIABGA               (3733.00 -273.00) TOP/BOTTOM 
  4V0                  VIABGA               (3735.00 -35.00) TOP/BOTTOM 
  4V0                  VIABGA               (3735.00 -5.00)  TOP/BOTTOM 
  4V0                  VIABGA               (3738.00 6232.00) TOP/BOTTOM 
  4V0                  VIABGA               (3770.00 5985.00) TOP/BOTTOM 
  4V0                  VIABGA               (3775.00 -5.00)  TOP/BOTTOM 
  4V0                  VIABGA               (3840.50 -29.49) TOP/BOTTOM 
  4V0                  VIABGA               (3840.50 2.01)   TOP/BOTTOM 
  4V0                  VIABGA               (3840.50 5987.99) TOP/BOTTOM 
  4V0                  VIABGA               (3840.50 6019.49) TOP/BOTTOM 
  4V0                  VIABGA               (3872.00 -29.49) TOP/BOTTOM 
  4V0                  VIABGA               (3872.00 2.01)   TOP/BOTTOM 
  4V0                  VIABGA               (3872.00 5987.99) TOP/BOTTOM 
  4V0                  VIABGA               (3872.00 6019.49) TOP/BOTTOM 
  ADCIO_00             VIABGA               (170.08 5354.12) TOP/BOTTOM 
  ADCIO_00             VIABGA               (2185.00 5890.00) TOP/BOTTOM 
  ADCIO_01             VIABGA               (170.08 5254.12) TOP/BOTTOM 
  ADCIO_01             VIABGA               (2555.00 5890.00) TOP/BOTTOM 
  ADCIO_02             VIABGA               (120.08 5404.12) TOP/BOTTOM 
  ADCIO_02             VIABGA               (2155.00 5890.00) TOP/BOTTOM 
  ADCIO_03             VIABGA               (120.08 5304.12) TOP/BOTTOM 
  ADCIO_03             VIABGA               (2215.00 5890.00) TOP/BOTTOM 
  ADCIO_04             VIABGA               (120.08 5204.12) TOP/BOTTOM 
  ADCIO_04             VIABGA               (2615.00 5890.00) TOP/BOTTOM 
  ADCIO_05             VIABGA               (70.08 5354.12)  TOP/BOTTOM 
  ADCIO_05             VIABGA               (1875.00 5885.00) TOP/BOTTOM 
  ADCIO_06             VIABGA               (70.08 5254.12)  TOP/BOTTOM 
  ADCIO_06             VIABGA               (2585.00 5890.00) TOP/BOTTOM 
  ADCIO_07             VIABGA               (20.08 5404.12)  TOP/BOTTOM 
  ADCIO_07             VIABGA               (1805.00 5885.00) TOP/BOTTOM 
  ADCIO_08             VIABGA               (20.08 5304.12)  TOP/BOTTOM 
  ADCIO_08             VIABGA               (1845.00 5885.00) TOP/BOTTOM 
  ADCIO_09             VIABGA               (20.08 5204.12)  TOP/BOTTOM 
  ADCIO_09             VIABGA               (2649.51 5889.50) TOP/BOTTOM 
  ADCIO_10             VIABGA               (-29.92 5354.12) TOP/BOTTOM 
  ADCIO_10             VIABGA               (1775.00 5885.00) TOP/BOTTOM 
  ADCIO_11             VIABGA               (-29.92 5254.12) TOP/BOTTOM 
  ADCIO_11             VIABGA               (2245.00 5890.00) TOP/BOTTOM 
  ADCIO_12             VIABGA               (-79.92 5404.12) TOP/BOTTOM 
  ADCIO_12             VIABGA               (1480.31 5940.31) TOP/BOTTOM 
  ADCIO_13             VIABGA               (-79.92 5304.12) TOP/BOTTOM 
  ADCIO_13             VIABGA               (1580.31 5940.31) TOP/BOTTOM 
  ADCIO_14             VIABGA               (-79.92 5204.12) TOP/BOTTOM 
  ADCIO_14             VIABGA               (730.31 6040.31) TOP/BOTTOM 
  ADCIO_15             VIABGA               (-129.92 5354.12) TOP/BOTTOM 
  ADCIO_15             VIABGA               (1030.31 6040.31) TOP/BOTTOM 
  ADCIO_16             VIABGA               (-129.92 5254.12) TOP/BOTTOM 
  ADCIO_16             VIABGA               (1130.31 6040.31) TOP/BOTTOM 
  ADCIO_17             VIABGA               (-179.92 5404.12) TOP/BOTTOM 
  ADCIO_17             VIABGA               (930.31 6040.31) TOP/BOTTOM 
  ADCIO_18             VIABGA               (-179.92 5304.12) TOP/BOTTOM 
  ADCIO_18             VIABGA               (830.31 6040.31) TOP/BOTTOM 
  ADCIO_19             VIABGA               (-179.92 5204.12) TOP/BOTTOM 
  ADCIO_19             VIABGA               (630.31 6040.31) TOP/BOTTOM 
  ADC_00_N             VIABGA               (-79.92 5004.12) TOP/BOTTOM 
  ADC_00_N             VIABGA               (1486.20 5022.45) TOP/BOTTOM 
  ADC_00_P             VIABGA               (-129.92 5004.12) TOP/BOTTOM 
  ADC_00_P             VIABGA               (1486.20 5057.55) TOP/BOTTOM 
  ADC_01_N             VIABGA               (120.08 4954.12) TOP/BOTTOM 
  ADC_01_N             VIABGA               (2586.20 5022.45) TOP/BOTTOM 
  ADC_01_P             VIABGA               (70.08 4954.12)  TOP/BOTTOM 
  ADC_01_P             VIABGA               (2586.20 5057.55) TOP/BOTTOM 
  ADC_02_N             VIABGA               (-79.92 4854.12) TOP/BOTTOM 
  ADC_02_N             VIABGA               (1486.20 4422.45) TOP/BOTTOM 
  ADC_02_P             VIABGA               (-129.92 4854.12) TOP/BOTTOM 
  ADC_02_P             VIABGA               (1486.20 4457.55) TOP/BOTTOM 
  ADC_03_N             VIABGA               (120.08 4804.12) TOP/BOTTOM 
  ADC_03_N             VIABGA               (2586.20 4422.45) TOP/BOTTOM 
  ADC_03_P             VIABGA               (70.08 4804.12)  TOP/BOTTOM 
  ADC_03_P             VIABGA               (2586.20 4457.55) TOP/BOTTOM 
  ADC_04_N             VIABGA               (-79.92 4704.12) TOP/BOTTOM 
  ADC_04_N             VIABGA               (1486.20 3822.45) TOP/BOTTOM 
  ADC_04_P             VIABGA               (-129.92 4704.12) TOP/BOTTOM 
  ADC_04_P             VIABGA               (1486.20 3857.55) TOP/BOTTOM 
  ADC_05_N             VIABGA               (120.08 4654.12) TOP/BOTTOM 
  ADC_05_N             VIABGA               (2586.20 3822.45) TOP/BOTTOM 
  ADC_05_P             VIABGA               (70.08 4654.12)  TOP/BOTTOM 
  ADC_05_P             VIABGA               (2586.20 3857.55) TOP/BOTTOM 
  ADC_06_N             VIABGA               (-79.92 4554.12) TOP/BOTTOM 
  ADC_06_N             VIABGA               (1486.20 3222.45) TOP/BOTTOM 
  ADC_06_P             VIABGA               (-129.92 4554.12) TOP/BOTTOM 
  ADC_06_P             VIABGA               (1486.20 3257.55) TOP/BOTTOM 
  ADC_07_N             VIABGA               (120.08 4504.12) TOP/BOTTOM 
  ADC_07_N             VIABGA               (2586.20 3222.45) TOP/BOTTOM 
  ADC_07_P             VIABGA               (70.08 4504.12)  TOP/BOTTOM 
  ADC_07_P             VIABGA               (2586.20 3257.55) TOP/BOTTOM 
  ADC_CLK_N_0          VIABGA               (120.08 3654.12) TOP/BOTTOM 
  ADC_CLK_N_1          VIABGA               (-79.92 3704.12) TOP/BOTTOM 
  ADC_CLK_N_2          VIABGA               (120.08 3504.12) TOP/BOTTOM 
  ADC_CLK_N_3          VIABGA               (-79.92 3554.12) TOP/BOTTOM 
  ADC_CLK_P_0          VIABGA               (70.08 3654.12)  TOP/BOTTOM 
  ADC_CLK_P_1          VIABGA               (-129.92 3704.12) TOP/BOTTOM 
  ADC_CLK_P_2          VIABGA               (70.08 3504.12)  TOP/BOTTOM 
  ADC_CLK_P_3          VIABGA               (-129.92 3554.12) TOP/BOTTOM 
  DACIO_00             VIABGA               (170.08 651.38)  TOP/BOTTOM 
  DACIO_00             VIABGA               (2655.00 35.00)  TOP/BOTTOM 
  DACIO_01             VIABGA               (170.08 551.38)  TOP/BOTTOM 
  DACIO_01             VIABGA               (2285.00 35.00)  TOP/BOTTOM 
  DACIO_02             VIABGA               (120.08 701.38)  TOP/BOTTOM 
  DACIO_02             VIABGA               (2685.00 35.00)  TOP/BOTTOM 
  DACIO_03             VIABGA               (120.08 601.38)  TOP/BOTTOM 
  DACIO_03             VIABGA               (2314.72 35.00)  TOP/BOTTOM 
  DACIO_04             VIABGA               (120.08 501.38)  TOP/BOTTOM 
  DACIO_04             VIABGA               (1945.00 35.00)  TOP/BOTTOM 
  DACIO_05             VIABGA               (70.08 651.38)   TOP/BOTTOM 
  DACIO_05             VIABGA               (2345.00 35.00)  TOP/BOTTOM 
  DACIO_06             VIABGA               (70.08 551.38)   TOP/BOTTOM 
  DACIO_06             VIABGA               (2255.00 35.00)  TOP/BOTTOM 
  DACIO_07             VIABGA               (20.08 701.38)   TOP/BOTTOM 
  DACIO_07             VIABGA               (2716.00 35.00)  TOP/BOTTOM 
  DACIO_08             VIABGA               (20.08 601.38)   TOP/BOTTOM 
  DACIO_08             VIABGA               (1915.00 35.00)  TOP/BOTTOM 
  DACIO_09             VIABGA               (20.08 501.38)   TOP/BOTTOM 
  DACIO_09             VIABGA               (1885.00 35.00)  TOP/BOTTOM 
  DACIO_10             VIABGA               (-29.92 651.38)  TOP/BOTTOM 
  DACIO_10             VIABGA               (819.69 -140.31) TOP/BOTTOM 
  DACIO_11             VIABGA               (-29.92 551.38)  TOP/BOTTOM 
  DACIO_11             VIABGA               (1855.00 35.00)  TOP/BOTTOM 
  DACIO_12             VIABGA               (-79.92 701.38)  TOP/BOTTOM 
  DACIO_12             VIABGA               (2745.00 35.00)  TOP/BOTTOM 
  DACIO_13             VIABGA               (-79.92 601.38)  TOP/BOTTOM 
  DACIO_13             VIABGA               (1569.69 -45.31) TOP/BOTTOM 
  DACIO_14             VIABGA               (-79.92 501.38)  TOP/BOTTOM 
  DACIO_14             VIABGA               (1669.69 -45.31) TOP/BOTTOM 
  DACIO_15             VIABGA               (-129.92 651.38) TOP/BOTTOM 
  DACIO_15             VIABGA               (719.69 -140.31) TOP/BOTTOM 
  DACIO_16             VIABGA               (-129.92 551.38) TOP/BOTTOM 
  DACIO_16             VIABGA               (1119.69 -140.31) TOP/BOTTOM 
  DACIO_17             VIABGA               (-179.92 701.38) TOP/BOTTOM 
  DACIO_17             VIABGA               (619.69 -140.31) TOP/BOTTOM 
  DACIO_18             VIABGA               (-179.92 601.38) TOP/BOTTOM 
  DACIO_18             VIABGA               (919.69 -140.31) TOP/BOTTOM 
  DACIO_19             VIABGA               (-179.92 501.38) TOP/BOTTOM 
  DACIO_19             VIABGA               (1019.69 -140.31) TOP/BOTTOM 
  DAC_00_N             VIABGA               (120.08 2001.38) TOP/BOTTOM 
  DAC_00_N             VIABGA               (1486.20 2572.45) TOP/BOTTOM 
  DAC_00_P             VIABGA               (70.08 2001.38)  TOP/BOTTOM 
  DAC_00_P             VIABGA               (1486.20 2607.55) TOP/BOTTOM 
  DAC_01_N             VIABGA               (-79.92 1951.38) TOP/BOTTOM 
  DAC_01_N             VIABGA               (2586.20 2572.45) TOP/BOTTOM 
  DAC_01_P             VIABGA               (-129.92 1951.38) TOP/BOTTOM 
  DAC_01_P             VIABGA               (2586.20 2607.55) TOP/BOTTOM 
  DAC_02_N             VIABGA               (120.08 1851.38) TOP/BOTTOM 
  DAC_02_N             VIABGA               (1486.20 1972.45) TOP/BOTTOM 
  DAC_02_P             VIABGA               (70.08 1851.38)  TOP/BOTTOM 
  DAC_02_P             VIABGA               (1486.20 2007.55) TOP/BOTTOM 
  DAC_03_N             VIABGA               (-79.92 1801.38) TOP/BOTTOM 
  DAC_03_N             VIABGA               (2586.20 1972.45) TOP/BOTTOM 
  DAC_03_P             VIABGA               (-129.92 1801.38) TOP/BOTTOM 
  DAC_03_P             VIABGA               (2586.20 2007.55) TOP/BOTTOM 
  DAC_04_N             VIABGA               (120.08 1701.38) TOP/BOTTOM 
  DAC_04_N             VIABGA               (1486.20 1372.45) TOP/BOTTOM 
  DAC_04_P             VIABGA               (70.08 1701.38)  TOP/BOTTOM 
  DAC_04_P             VIABGA               (1486.20 1407.55) TOP/BOTTOM 
  DAC_05_N             VIABGA               (-79.92 1651.38) TOP/BOTTOM 
  DAC_05_N             VIABGA               (2586.20 1372.45) TOP/BOTTOM 
  DAC_05_P             VIABGA               (-129.92 1651.38) TOP/BOTTOM 
  DAC_05_P             VIABGA               (2586.20 1407.55) TOP/BOTTOM 
  DAC_06_N             VIABGA               (120.08 1551.38) TOP/BOTTOM 
  DAC_06_N             VIABGA               (1486.20 772.45) TOP/BOTTOM 
  DAC_06_P             VIABGA               (70.08 1551.38)  TOP/BOTTOM 
  DAC_06_P             VIABGA               (1486.20 807.55) TOP/BOTTOM 
  DAC_07_N             VIABGA               (-79.92 1501.38) TOP/BOTTOM 
  DAC_07_N             VIABGA               (2586.20 772.45) TOP/BOTTOM 
  DAC_07_P             VIABGA               (-129.92 1501.38) TOP/BOTTOM 
  DAC_07_P             VIABGA               (2586.20 807.55) TOP/BOTTOM 
  DAC_CLK_N_0          VIABGA               (120.08 2301.38) TOP/BOTTOM 
  DAC_CLK_N_1          VIABGA               (-79.92 2251.38) TOP/BOTTOM 
  DAC_CLK_P_0          VIABGA               (70.08 2301.38)  TOP/BOTTOM 
  DAC_CLK_P_1          VIABGA               (-129.92 2251.38) TOP/BOTTOM 
  GND                  VIABGA               (548.07 -253.07) TOP/BOTTOM 
  GND                  VIABGA               (548.07 -98.00)  TOP/BOTTOM 
  GND                  VIABGA               (607.56 -215.00) TOP/BOTTOM 
  GND                  VIABGA               (640.00 6115.00) TOP/BOTTOM 
  GND                  VIABGA               (648.07 -253.07) TOP/BOTTOM 
  GND                  VIABGA               (648.07 -98.00)  TOP/BOTTOM 
  GND                  VIABGA               (701.93 5991.93) TOP/BOTTOM 
  GND                  VIABGA               (701.93 6153.07) TOP/BOTTOM 
  GND                  VIABGA               (707.56 -215.00) TOP/BOTTOM 
  GND                  VIABGA               (740.00 6115.00) TOP/BOTTOM 
  GND                  VIABGA               (748.07 -253.07) TOP/BOTTOM 
  GND                  VIABGA               (748.07 -98.00)  TOP/BOTTOM 
  GND                  VIABGA               (801.93 5991.93) TOP/BOTTOM 
  GND                  VIABGA               (801.93 6153.07) TOP/BOTTOM 
  GND                  VIABGA               (807.56 -215.00) TOP/BOTTOM 
  GND                  VIABGA               (840.00 6115.00) TOP/BOTTOM 
  GND                  VIABGA               (848.07 -253.07) TOP/BOTTOM 
  GND                  VIABGA               (848.07 -98.00)  TOP/BOTTOM 
  GND                  VIABGA               (901.93 5991.93) TOP/BOTTOM 
  GND                  VIABGA               (901.93 6153.07) TOP/BOTTOM 
  GND                  VIABGA               (907.56 -215.00) TOP/BOTTOM 
  GND                  VIABGA               (940.00 6115.00) TOP/BOTTOM 
  GND                  VIABGA               (948.07 -253.07) TOP/BOTTOM 
  GND                  VIABGA               (948.07 -98.00)  TOP/BOTTOM 
  GND                  VIABGA               (1001.93 5991.93) TOP/BOTTOM 
  GND                  VIABGA               (1001.93 6153.07) TOP/BOTTOM 
  GND                  VIABGA               (1007.56 -215.00) TOP/BOTTOM 
  GND                  VIABGA               (1040.00 6115.00) TOP/BOTTOM 
  GND                  VIABGA               (1048.07 -253.07) TOP/BOTTOM 
  GND                  VIABGA               (1048.07 -98.00) TOP/BOTTOM 
  GND                  VIABGA               (1101.93 5991.93) TOP/BOTTOM 
  GND                  VIABGA               (1101.93 6153.07) TOP/BOTTOM 
  GND                  VIABGA               (1107.56 -215.00) TOP/BOTTOM 
  GND                  VIABGA               (1140.00 6115.00) TOP/BOTTOM 
  GND                  VIABGA               (1201.93 5991.93) TOP/BOTTOM 
  GND                  VIABGA               (1201.93 6153.07) TOP/BOTTOM 
  GND                  VIABGA               (1490.00 6015.00) TOP/BOTTOM 
  GND                  VIABGA               (1498.07 -153.07) TOP/BOTTOM 
  GND                  VIABGA               (1551.93 6053.07) TOP/BOTTOM 
  GND                  VIABGA               (1557.56 -115.00) TOP/BOTTOM 
  GND                  VIABGA               (1590.00 6015.00) TOP/BOTTOM 
  GND                  VIABGA               (1598.07 -153.07) TOP/BOTTOM 
  GND                  VIABGA               (1651.93 6053.07) TOP/BOTTOM 
  GND                  VIABGA               (1657.56 -115.00) TOP/BOTTOM 
  GND                  VIABGA               (1725.00 6075.00) TOP/BOTTOM 
  GND                  VIABGA               (1815.00 -100.00) TOP/BOTTOM 
  GND                  VIABGA               (1845.00 -100.00) TOP/BOTTOM 
  GND                  VIABGA               (2075.00 -95.00) TOP/BOTTOM 
  GND                  VIABGA               (2075.00 -45.00) TOP/BOTTOM 
  GND                  VIABGA               (2100.00 6075.00) TOP/BOTTOM 
  GND                  VIABGA               (2210.00 -100.00) TOP/BOTTOM 
  GND                  VIABGA               (2240.00 -100.00) TOP/BOTTOM 
  GND                  VIABGA               (2475.00 -95.00) TOP/BOTTOM 
  GND                  VIABGA               (2475.00 -45.00) TOP/BOTTOM 
  GND                  VIABGA               (2500.00 6075.00) TOP/BOTTOM 
  GND                  VIABGA               (2610.00 -100.00) TOP/BOTTOM 
  GND                  VIABGA               (2635.00 -100.00) TOP/BOTTOM 
  GND                  VIABGA               (2875.00 -95.00) TOP/BOTTOM 
  GND                  VIABGA               (2875.00 -45.00) TOP/BOTTOM 
  GND                  VIABGA               (3135.00 -430.00) TOP/BOTTOM 
  GND                  VIABGA               (3135.00 -390.00) TOP/BOTTOM 
  GND                  VIABGA               (3135.00 -350.00) TOP/BOTTOM 
  GND                  VIABGA               (3135.00 -310.00) TOP/BOTTOM 
  GND                  VIABGA               (3135.00 6260.00) TOP/BOTTOM 
  GND                  VIABGA               (3135.00 6305.00) TOP/BOTTOM 
  GND                  VIABGA               (3140.00 105.00) TOP/BOTTOM 
  GND                  VIABGA               (3140.00 150.00) TOP/BOTTOM 
  GND                  VIABGA               (3140.00 195.00) TOP/BOTTOM 
  GND                  VIABGA               (3140.00 5770.00) TOP/BOTTOM 
  GND                  VIABGA               (3140.00 5810.00) TOP/BOTTOM 
  GND                  VIABGA               (3140.00 5850.00) TOP/BOTTOM 
  GND                  VIABGA               (3145.00 6350.00) TOP/BOTTOM 
  GND                  VIABGA               (3150.00 245.00) TOP/BOTTOM 
  GND                  VIABGA               (3150.00 5725.00) TOP/BOTTOM 
  GND                  VIABGA               (3155.00 -470.00) TOP/BOTTOM 
  GND                  VIABGA               (3175.00 6380.00) TOP/BOTTOM 
  GND                  VIABGA               (3180.00 5695.00) TOP/BOTTOM 
  GND                  VIABGA               (3190.00 270.00) TOP/BOTTOM 
  GND                  VIABGA               (3195.00 -490.00) TOP/BOTTOM 
  GND                  VIABGA               (3215.00 5665.00) TOP/BOTTOM 
  GND                  VIABGA               (3215.00 6415.00) TOP/BOTTOM 
  GND                  VIABGA               (3240.00 270.00) TOP/BOTTOM 
  GND                  VIABGA               (3245.00 -490.00) TOP/BOTTOM 
  GND                  VIABGA               (3260.00 6415.00) TOP/BOTTOM 
  GND                  VIABGA               (3265.00 5665.00) TOP/BOTTOM 
  GND                  VIABGA               (3290.00 270.00) TOP/BOTTOM 
  GND                  VIABGA               (3295.00 -490.00) TOP/BOTTOM 
  GND                  VIABGA               (3310.00 6415.00) TOP/BOTTOM 
  GND                  VIABGA               (3315.00 5665.00) TOP/BOTTOM 
  GND                  VIABGA               (3340.00 270.00) TOP/BOTTOM 
  GND                  VIABGA               (3345.00 -490.00) TOP/BOTTOM 
  GND                  VIABGA               (3355.00 6415.00) TOP/BOTTOM 
  GND                  VIABGA               (3365.00 5665.00) TOP/BOTTOM 
  GND                  VIABGA               (3390.00 270.00) TOP/BOTTOM 
  GND                  VIABGA               (3395.00 -490.00) TOP/BOTTOM 
  GND                  VIABGA               (3405.00 6410.00) TOP/BOTTOM 
  GND                  VIABGA               (3415.00 5665.00) TOP/BOTTOM 
  GND                  VIABGA               (3430.00 5715.00) TOP/BOTTOM 
  GND                  VIABGA               (3435.00 -405.00) TOP/BOTTOM 
  GND                  VIABGA               (3440.00 260.00) TOP/BOTTOM 
  GND                  VIABGA               (3445.00 -490.00) TOP/BOTTOM 
  GND                  VIABGA               (3448.35 -385.00) TOP/BOTTOM 
  GND                  VIABGA               (3450.00 -40.00) TOP/BOTTOM 
  GND                  VIABGA               (3450.00 6395.00) TOP/BOTTOM 
  GND                  VIABGA               (3455.00 -5.00)  TOP/BOTTOM 
  GND                  VIABGA               (3455.00 5760.00) TOP/BOTTOM 
  GND                  VIABGA               (3455.00 5955.00) TOP/BOTTOM 
  GND                  VIABGA               (3455.00 5980.00) TOP/BOTTOM 
  GND                  VIABGA               (3460.00 -195.00) TOP/BOTTOM 
  GND                  VIABGA               (3460.00 -160.00) TOP/BOTTOM 
  GND                  VIABGA               (3460.00 180.00) TOP/BOTTOM 
  GND                  VIABGA               (3460.00 215.00) TOP/BOTTOM 
  GND                  VIABGA               (3460.00 6115.00) TOP/BOTTOM 
  GND                  VIABGA               (3460.00 6150.00) TOP/BOTTOM 
  GND                  VIABGA               (3465.00 5665.00) TOP/BOTTOM 
  GND                  VIABGA               (3490.00 260.00) TOP/BOTTOM 
  GND                  VIABGA               (3495.00 -490.00) TOP/BOTTOM 
  GND                  VIABGA               (3495.00 -5.00)  TOP/BOTTOM 
  GND                  VIABGA               (3495.00 5790.00) TOP/BOTTOM 
  GND                  VIABGA               (3495.00 5955.00) TOP/BOTTOM 
  GND                  VIABGA               (3495.00 5980.00) TOP/BOTTOM 
  GND                  VIABGA               (3495.00 6293.11) TOP/BOTTOM 
  GND                  VIABGA               (3500.00 -365.00) TOP/BOTTOM 
  GND                  VIABGA               (3500.00 -195.00) TOP/BOTTOM 
  GND                  VIABGA               (3500.00 -160.00) TOP/BOTTOM 
  GND                  VIABGA               (3500.00 30.00)  TOP/BOTTOM 
  GND                  VIABGA               (3500.00 180.00) TOP/BOTTOM 
  GND                  VIABGA               (3500.00 215.00) TOP/BOTTOM 
  GND                  VIABGA               (3500.00 6150.00) TOP/BOTTOM 
  GND                  VIABGA               (3500.00 6395.00) TOP/BOTTOM 
  GND                  VIABGA               (3515.00 5665.00) TOP/BOTTOM 
  GND                  VIABGA               (3520.00 6293.11) TOP/BOTTOM 
  GND                  VIABGA               (3535.00 -175.00) TOP/BOTTOM 
  GND                  VIABGA               (3540.00 260.00) TOP/BOTTOM 
  GND                  VIABGA               (3545.00 -490.00) TOP/BOTTOM 
  GND                  VIABGA               (3545.00 135.00) TOP/BOTTOM 
  GND                  VIABGA               (3545.00 180.00) TOP/BOTTOM 
  GND                  VIABGA               (3550.00 6395.00) TOP/BOTTOM 
  GND                  VIABGA               (3560.00 5935.00) TOP/BOTTOM 
  GND                  VIABGA               (3560.00 5980.00) TOP/BOTTOM 
  GND                  VIABGA               (3560.00 6285.00) TOP/BOTTOM 
  GND                  VIABGA               (3560.00 6330.00) TOP/BOTTOM 
  GND                  VIABGA               (3565.00 5665.00) TOP/BOTTOM 
  GND                  VIABGA               (3570.00 -350.00) TOP/BOTTOM 
  GND                  VIABGA               (3570.00 -310.00) TOP/BOTTOM 
  GND                  VIABGA               (3570.00 -175.00) TOP/BOTTOM 
  GND                  VIABGA               (3570.00 5.00)   TOP/BOTTOM 
  GND                  VIABGA               (3570.00 45.00)  TOP/BOTTOM 
  GND                  VIABGA               (3570.00 5800.00) TOP/BOTTOM 
  GND                  VIABGA               (3570.00 5840.00) TOP/BOTTOM 
  GND                  VIABGA               (3570.00 6155.00) TOP/BOTTOM 
  GND                  VIABGA               (3570.00 6195.00) TOP/BOTTOM 
  GND                  VIABGA               (3580.00 135.00) TOP/BOTTOM 
  GND                  VIABGA               (3580.00 180.00) TOP/BOTTOM 
  GND                  VIABGA               (3585.00 5935.00) TOP/BOTTOM 
  GND                  VIABGA               (3585.00 5980.00) TOP/BOTTOM 
  GND                  VIABGA               (3585.00 6285.00) TOP/BOTTOM 
  GND                  VIABGA               (3585.00 6330.00) TOP/BOTTOM 
  GND                  VIABGA               (3590.00 260.00) TOP/BOTTOM 
  GND                  VIABGA               (3595.00 -490.00) TOP/BOTTOM 
  GND                  VIABGA               (3600.00 6395.00) TOP/BOTTOM 
  GND                  VIABGA               (3615.00 -350.00) TOP/BOTTOM 
  GND                  VIABGA               (3615.00 -310.00) TOP/BOTTOM 
  GND                  VIABGA               (3615.00 5.00)   TOP/BOTTOM 
  GND                  VIABGA               (3615.00 45.00)  TOP/BOTTOM 
  GND                  VIABGA               (3615.00 5665.00) TOP/BOTTOM 
  GND                  VIABGA               (3615.00 5800.00) TOP/BOTTOM 
  GND                  VIABGA               (3615.00 5840.00) TOP/BOTTOM 
  GND                  VIABGA               (3615.00 6155.00) TOP/BOTTOM 
  GND                  VIABGA               (3615.00 6195.00) TOP/BOTTOM 
  GND                  VIABGA               (3640.00 260.00) TOP/BOTTOM 
  GND                  VIABGA               (3645.00 -490.00) TOP/BOTTOM 
  GND                  VIABGA               (3655.00 6395.00) TOP/BOTTOM 
  GND                  VIABGA               (3660.00 -350.00) TOP/BOTTOM 
  GND                  VIABGA               (3660.00 -310.00) TOP/BOTTOM 
  GND                  VIABGA               (3660.00 5.00)   TOP/BOTTOM 
  GND                  VIABGA               (3660.00 45.00)  TOP/BOTTOM 
  GND                  VIABGA               (3660.00 5800.00) TOP/BOTTOM 
  GND                  VIABGA               (3660.00 5840.00) TOP/BOTTOM 
  GND                  VIABGA               (3660.00 6155.00) TOP/BOTTOM 
  GND                  VIABGA               (3660.00 6195.00) TOP/BOTTOM 
  GND                  VIABGA               (3665.00 5665.00) TOP/BOTTOM 
  GND                  VIABGA               (3690.00 260.00) TOP/BOTTOM 
  GND                  VIABGA               (3695.00 -490.00) TOP/BOTTOM 
  GND                  VIABGA               (3695.00 -75.00) TOP/BOTTOM 
  GND                  VIABGA               (3700.00 6370.00) TOP/BOTTOM 
  GND                  VIABGA               (3715.00 -95.00) TOP/BOTTOM 
  GND                  VIABGA               (3715.00 5665.00) TOP/BOTTOM 
  GND                  VIABGA               (3725.00 6330.00) TOP/BOTTOM 
  GND                  VIABGA               (3740.00 260.00) TOP/BOTTOM 
  GND                  VIABGA               (3745.00 -490.00) TOP/BOTTOM 
  GND                  VIABGA               (3755.00 5740.00) TOP/BOTTOM 
  GND                  VIABGA               (3760.00 6295.00) TOP/BOTTOM 
  GND                  VIABGA               (3765.00 5665.00) TOP/BOTTOM 
  GND                  VIABGA               (3770.00 6085.00) TOP/BOTTOM 
  GND                  VIABGA               (3770.00 6110.00) TOP/BOTTOM 
  GND                  VIABGA               (3775.00 -125.00) TOP/BOTTOM 
  GND                  VIABGA               (3775.00 -100.00) TOP/BOTTOM 
  GND                  VIABGA               (3775.00 5720.00) TOP/BOTTOM 
  GND                  VIABGA               (3790.00 260.00) TOP/BOTTOM 
  GND                  VIABGA               (3795.00 -490.00) TOP/BOTTOM 
  GND                  VIABGA               (3795.00 6260.00) TOP/BOTTOM 
  GND                  VIABGA               (3815.00 5655.00) TOP/BOTTOM 
  GND                  VIABGA               (3830.00 6225.00) TOP/BOTTOM 
  GND                  VIABGA               (3840.00 270.00) TOP/BOTTOM 
  GND                  VIABGA               (3840.50 33.50)  TOP/BOTTOM 
  GND                  VIABGA               (3840.50 65.00)  TOP/BOTTOM 
  GND                  VIABGA               (3840.50 96.50)  TOP/BOTTOM 
  GND                  VIABGA               (3840.50 5893.50) TOP/BOTTOM 
  GND                  VIABGA               (3840.50 5925.00) TOP/BOTTOM 
  GND                  VIABGA               (3840.50 5956.50) TOP/BOTTOM 
  GND                  VIABGA               (3845.00 -490.00) TOP/BOTTOM 
  GND                  VIABGA               (3845.00 5630.00) TOP/BOTTOM 
  GND                  VIABGA               (3865.00 6190.00) TOP/BOTTOM 
  GND                  VIABGA               (3872.00 33.50)  TOP/BOTTOM 
  GND                  VIABGA               (3872.00 65.00)  TOP/BOTTOM 
  GND                  VIABGA               (3872.00 96.50)  TOP/BOTTOM 
  GND                  VIABGA               (3872.00 5893.50) TOP/BOTTOM 
  GND                  VIABGA               (3872.00 5925.00) TOP/BOTTOM 
  GND                  VIABGA               (3872.00 5956.50) TOP/BOTTOM 
  GND                  VIABGA               (3880.00 -455.00) TOP/BOTTOM 
  GND                  VIABGA               (3880.00 -400.00) TOP/BOTTOM 
  GND                  VIABGA               (3880.00 -345.00) TOP/BOTTOM 
  GND                  VIABGA               (3880.00 -290.00) TOP/BOTTOM 
  GND                  VIABGA               (3880.00 5605.00) TOP/BOTTOM 
  GND                  VIABGA               (3890.00 270.00) TOP/BOTTOM 
  GND                  VIABGA               (3900.00 -235.00) TOP/BOTTOM 
  GND                  VIABGA               (3900.00 6155.00) TOP/BOTTOM 
  GND                  VIABGA               (3903.50 -29.49) TOP/BOTTOM 
  GND                  VIABGA               (3903.50 2.01)   TOP/BOTTOM 
  GND                  VIABGA               (3903.50 33.50)  TOP/BOTTOM 
  GND                  VIABGA               (3903.50 65.00)  TOP/BOTTOM 
  GND                  VIABGA               (3903.50 96.50)  TOP/BOTTOM 
  GND                  VIABGA               (3903.50 127.99) TOP/BOTTOM 
  GND                  VIABGA               (3903.50 159.49) TOP/BOTTOM 
  GND                  VIABGA               (3903.50 5830.51) TOP/BOTTOM 
  GND                  VIABGA               (3903.50 5862.01) TOP/BOTTOM 
  GND                  VIABGA               (3903.50 5893.50) TOP/BOTTOM 
  GND                  VIABGA               (3903.50 5925.00) TOP/BOTTOM 
  GND                  VIABGA               (3903.50 5956.50) TOP/BOTTOM 
  GND                  VIABGA               (3903.50 5987.99) TOP/BOTTOM 
  GND                  VIABGA               (3903.50 6019.49) TOP/BOTTOM 
  GND                  VIABGA               (3910.00 -185.00) TOP/BOTTOM 
  GND                  VIABGA               (3930.00 5605.00) TOP/BOTTOM 
  GND                  VIABGA               (3935.00 -205.00) TOP/BOTTOM 
  GND                  VIABGA               (3935.00 33.50)  TOP/BOTTOM 
  GND                  VIABGA               (3935.00 65.00)  TOP/BOTTOM 
  GND                  VIABGA               (3935.00 96.50)  TOP/BOTTOM 
  GND                  VIABGA               (3935.00 127.99) TOP/BOTTOM 
  GND                  VIABGA               (3935.00 5893.50) TOP/BOTTOM 
  GND                  VIABGA               (3935.00 5925.00) TOP/BOTTOM 
  GND                  VIABGA               (3935.00 5956.50) TOP/BOTTOM 
  GND                  VIABGA               (3935.00 5987.99) TOP/BOTTOM 
  GND                  VIABGA               (3935.00 6120.00) TOP/BOTTOM 
  GND                  VIABGA               (3940.00 260.00) TOP/BOTTOM 
  GND                  VIABGA               (3960.00 -185.00) TOP/BOTTOM 
  GND                  VIABGA               (3966.50 33.50)  TOP/BOTTOM 
  GND                  VIABGA               (3966.50 65.00)  TOP/BOTTOM 
  GND                  VIABGA               (3966.50 96.50)  TOP/BOTTOM 
  GND                  VIABGA               (3966.50 127.99) TOP/BOTTOM 
  GND                  VIABGA               (3966.50 5893.50) TOP/BOTTOM 
  GND                  VIABGA               (3966.50 5925.00) TOP/BOTTOM 
  GND                  VIABGA               (3966.50 5956.50) TOP/BOTTOM 
  GND                  VIABGA               (3966.50 5987.99) TOP/BOTTOM 
  GND                  VIABGA               (3970.00 6085.00) TOP/BOTTOM 
  GND                  VIABGA               (3980.00 5605.00) TOP/BOTTOM 
  GND                  VIABGA               (3990.00 260.00) TOP/BOTTOM 
  GND                  VIABGA               (3998.00 33.50)  TOP/BOTTOM 
  GND                  VIABGA               (3998.00 65.00)  TOP/BOTTOM 
  GND                  VIABGA               (3998.00 96.50)  TOP/BOTTOM 
  GND                  VIABGA               (3998.00 127.99) TOP/BOTTOM 
  GND                  VIABGA               (3998.00 5893.50) TOP/BOTTOM 
  GND                  VIABGA               (3998.00 5925.00) TOP/BOTTOM 
  GND                  VIABGA               (3998.00 5956.50) TOP/BOTTOM 
  GND                  VIABGA               (3998.00 5987.99) TOP/BOTTOM 
  GND                  VIABGA               (4010.00 -185.00) TOP/BOTTOM 
  GND                  VIABGA               (4020.00 6085.00) TOP/BOTTOM 
  GND                  VIABGA               (4029.50 -29.49) TOP/BOTTOM 
  GND                  VIABGA               (4029.50 159.49) TOP/BOTTOM 
  GND                  VIABGA               (4029.50 5830.51) TOP/BOTTOM 
  GND                  VIABGA               (4029.50 6019.49) TOP/BOTTOM 
  GND                  VIABGA               (4030.00 5605.00) TOP/BOTTOM 
  GND                  VIABGA               (4040.00 260.00) TOP/BOTTOM 
  GND                  VIABGA               (4055.00 -185.00) TOP/BOTTOM 
  GND                  VIABGA               (4070.00 6085.00) TOP/BOTTOM 
  GND                  VIABGA               (4080.00 5605.00) TOP/BOTTOM 
  GND                  VIABGA               (4090.00 260.00) TOP/BOTTOM 
  GND                  VIABGA               (4095.00 5800.00) TOP/BOTTOM 
  GND                  VIABGA               (4095.00 5825.00) TOP/BOTTOM 
  GND                  VIABGA               (4095.00 6000.00) TOP/BOTTOM 
  GND                  VIABGA               (4095.00 6025.00) TOP/BOTTOM 
  GND                  VIABGA               (4100.00 -185.00) TOP/BOTTOM 
  GND                  VIABGA               (4120.00 6085.00) TOP/BOTTOM 
  GND                  VIABGA               (4130.00 5605.00) TOP/BOTTOM 
  GND                  VIABGA               (4140.00 260.00) TOP/BOTTOM 
  GND                  VIABGA               (4145.00 -185.00) TOP/BOTTOM 
  GND                  VIABGA               (4160.00 5630.00) TOP/BOTTOM 
  GND                  VIABGA               (4170.00 6060.00) TOP/BOTTOM 
  GND                  VIABGA               (4185.00 5665.00) TOP/BOTTOM 
  GND                  VIABGA               (4185.00 5715.00) TOP/BOTTOM 
  GND                  VIABGA               (4185.00 5765.00) TOP/BOTTOM 
  GND                  VIABGA               (4185.00 5815.00) TOP/BOTTOM 
  GND                  VIABGA               (4185.00 5865.00) TOP/BOTTOM 
  GND                  VIABGA               (4185.00 5915.00) TOP/BOTTOM 
  GND                  VIABGA               (4185.00 5965.00) TOP/BOTTOM 
  GND                  VIABGA               (4185.00 6015.00) TOP/BOTTOM 
  GND                  VIABGA               (4190.00 -185.00) TOP/BOTTOM 
  GND                  VIABGA               (4200.00 250.00) TOP/BOTTOM 
  GND                  VIABGA               (4220.00 -150.00) TOP/BOTTOM 
  GND                  VIABGA               (4220.00 -100.00) TOP/BOTTOM 
  GND                  VIABGA               (4220.00 -50.00) TOP/BOTTOM 
  GND                  VIABGA               (4220.00 0.00)   TOP/BOTTOM 
  GND                  VIABGA               (4220.00 50.00)  TOP/BOTTOM 
  GND                  VIABGA               (4220.00 100.00) TOP/BOTTOM 
  GND                  VIABGA               (4220.00 150.00) TOP/BOTTOM 
  GND                  VIABGA               (4220.00 200.00) TOP/BOTTOM 
  N24029_ANALOG1       VIABGA               (1970.00 5179.00) TOP/BOTTOM 
  N24029_ANALOG2       VIABGA               (3070.00 5179.00) TOP/BOTTOM 
  N24029_ANALOG3       VIABGA               (1970.00 4579.00) TOP/BOTTOM 
  N24029_ANALOG4       VIABGA               (3070.00 4579.00) TOP/BOTTOM 
  N24029_ANALOG5       VIABGA               (1970.00 3979.00) TOP/BOTTOM 
  N24029_ANALOG6       VIABGA               (3070.00 3979.00) TOP/BOTTOM 
  N24029_ANALOG7       VIABGA               (1970.00 3379.00) TOP/BOTTOM 
  N24029_ANALOG8       VIABGA               (3070.00 3379.00) TOP/BOTTOM 
  N359944_ANALOG1      VIABGA               (2120.00 2470.00) TOP/BOTTOM 
  N359944_ANALOG2      VIABGA               (3220.00 2470.00) TOP/BOTTOM 
  N359944_ANALOG3      VIABGA               (2120.00 1870.00) TOP/BOTTOM 
  N359944_ANALOG4      VIABGA               (3220.00 1870.00) TOP/BOTTOM 
  N359944_ANALOG5      VIABGA               (2120.00 1270.00) TOP/BOTTOM 
  N359944_ANALOG6      VIABGA               (3220.00 1270.00) TOP/BOTTOM 
  N359944_ANALOG7      VIABGA               (2120.00 670.00) TOP/BOTTOM 
  N359944_ANALOG8      VIABGA               (3220.00 670.00) TOP/BOTTOM 
  N4195295             VIABGA               (3725.00 -400.00) TOP/BOTTOM 
  N4195295             VIABGA               (3775.00 -200.00) TOP/BOTTOM 
  N422029              VIABGA               (3935.00 2.01)   TOP/BOTTOM 
  N422029              VIABGA               (3966.50 2.01)   TOP/BOTTOM 
  N436899              VIABGA               (3998.00 -29.49) TOP/BOTTOM 
  N463151              VIABGA               (3635.00 -455.00) TOP/BOTTOM 
  N463151              VIABGA               (4100.00 -150.00) TOP/BOTTOM 
  N4648415             VIABGA               (3675.00 -100.00) TOP/BOTTOM 
  N4648415             VIABGA               (3915.00 230.00) TOP/BOTTOM 
  N464909              VIABGA               (3635.00 -100.00) TOP/BOTTOM 
  N464909              VIABGA               (4150.00 -150.00) TOP/BOTTOM 
  N470455              VIABGA               (3935.00 -29.49) TOP/BOTTOM 
  N470455              VIABGA               (4150.00 -55.00) TOP/BOTTOM 
  N470801              VIABGA               (3966.50 -29.49) TOP/BOTTOM 
  N470801              VIABGA               (4100.00 -55.00) TOP/BOTTOM 
  N5016885             VIABGA               (3700.00 6080.00) TOP/BOTTOM 
  N5016885             VIABGA               (3820.00 6130.00) TOP/BOTTOM 
  N501878              VIABGA               (3935.00 5830.51) TOP/BOTTOM 
  N501878              VIABGA               (4120.00 5765.00) TOP/BOTTOM 
  N501882              VIABGA               (3635.00 6050.00) TOP/BOTTOM 
  N501882              VIABGA               (4120.00 5675.00) TOP/BOTTOM 
  N502170              VIABGA               (3998.00 5830.51) TOP/BOTTOM 
  N5022925             VIABGA               (3685.00 5725.00) TOP/BOTTOM 
  N5022925             VIABGA               (3830.00 5795.00) TOP/BOTTOM 
  N502316              VIABGA               (3935.00 5862.01) TOP/BOTTOM 
  N502316              VIABGA               (3966.50 5862.01) TOP/BOTTOM 
  N502362              VIABGA               (3966.50 5830.51) TOP/BOTTOM 
  N502362              VIABGA               (4070.00 5765.00) TOP/BOTTOM 
  N528114              VIABGA               (3735.00 5700.00) TOP/BOTTOM 
  N528114              VIABGA               (4070.00 5675.00) TOP/BOTTOM 

<< Summary >>
  Total dangling lines:      13
  Total dangling vias:        6
  Total antenna vias:       668
